Starting solver...
Time taken: 0.0006053447723388672
Success: True None
